// Jest Snapshot v1, https://goo.gl/fbAQLP

exports[`PhotoList is rendering renders 1`] = `
<DocumentFragment>
  <div>
    <div
      class="flex-row"
    />
  </div>
</DocumentFragment>
`;
